// Jest Snapshot v1, https://goo.gl/fbAQLP

exports[`Intro should render correctly by default 1`] = `
<div>
  <h1
    class="MuiTypography-root MuiTypography-h3 MuiTypography-gutterBottom MuiTypography-alignCenter MuiTypography-displayBlock"
  >
    home-title
  </h1>
  <p
    class="MuiTypography-root MuiTypography-h6 MuiTypography-colorTextSecondary MuiTypography-alignCenter"
  >
    home-intro
  </p>
</div>
`;
